<?xml version="1.0" encoding="UTF-8"?>
<testsuites name="DummyJSON API Demo" tests="8" time="3.442">
  <testsuite name="GET Users" id="974b6c21-20e6-4c43-b677-a3aebab663f8" timestamp="2026-04-28T03:25:36.936Z" tests="4" failures="0" errors="0" time="1.193">
    <testcase name="Status code is 200" time="1.193" classname="DummyJsonApiDemo"/>
    <testcase name="Response time is less than 2s" time="1.193" classname="DummyJsonApiDemo"/>
    <testcase name="Content-Type is application/json" time="1.193" classname="DummyJsonApiDemo"/>
    <testcase name="Response has users array" time="1.193" classname="DummyJsonApiDemo"/>
  </testsuite>
  <testsuite name="POST Login" id="db837d76-3e90-4002-8dd1-6711245a84dd" timestamp="2026-04-28T03:25:36.936Z" tests="4" failures="0" errors="0" time="0.307">
    <testcase name="Status code is 200" time="0.307" classname="DummyJsonApiDemo"/>
    <testcase name="Response time is less than 2s" time="0.307" classname="DummyJsonApiDemo"/>
    <testcase name="Content-Type is application/json" time="0.307" classname="DummyJsonApiDemo"/>
    <testcase name="Response has access token" time="0.307" classname="DummyJsonApiDemo"/>
  </testsuite>
  <testsuite name="GET Auth Me" id="ab1a8c10-16df-48d9-874e-ef9012b25bea" timestamp="2026-04-28T03:25:36.936Z" tests="4" failures="0" errors="0" time="0.327">
    <testcase name="Status code is 200" time="0.327" classname="DummyJsonApiDemo"/>
    <testcase name="Response time is less than 2s" time="0.327" classname="DummyJsonApiDemo"/>
    <testcase name="Content-Type is application/json" time="0.327" classname="DummyJsonApiDemo"/>
    <testcase name="Response has user data" time="0.327" classname="DummyJsonApiDemo"/>
  </testsuite>
  <testsuite name="PUT User 2" id="4c80f44c-b487-42e8-819c-947a863ccd9f" timestamp="2026-04-28T03:25:36.936Z" tests="4" failures="0" errors="0" time="0.328">
    <testcase name="Status code is 200" time="0.328" classname="DummyJsonApiDemo"/>
    <testcase name="Response time is less than 2s" time="0.328" classname="DummyJsonApiDemo"/>
    <testcase name="Content-Type is application/json" time="0.328" classname="DummyJsonApiDemo"/>
    <testcase name="Response includes updated fields" time="0.328" classname="DummyJsonApiDemo"/>
  </testsuite>
  <testsuite name="DELETE User 2" id="4591c0e9-6acf-4589-93c8-ca3b81c2295c" timestamp="2026-04-28T03:25:36.936Z" tests="4" failures="0" errors="0" time="0.342">
    <testcase name="Status code is 200" time="0.342" classname="DummyJsonApiDemo"/>
    <testcase name="Response time is less than 2s" time="0.342" classname="DummyJsonApiDemo"/>
    <testcase name="Content-Type is application/json" time="0.342" classname="DummyJsonApiDemo"/>
    <testcase name="Response confirms deletion" time="0.342" classname="DummyJsonApiDemo"/>
  </testsuite>
  <testsuite name="Negative Tests / POST Login - Invalid Credentials" id="e42b3380-c778-4da5-8bf6-031b4ed70190" timestamp="2026-04-28T03:25:36.936Z" tests="2" failures="0" errors="0" time="0.335">
    <testcase name="Status code is 400 for invalid credentials" time="0.335" classname="DummyJsonApiDemo"/>
    <testcase name="Response time is less than 2s" time="0.335" classname="DummyJsonApiDemo"/>
  </testsuite>
  <testsuite name="Negative Tests / GET Users - Invalid Limit" id="e9b77b27-04b9-4a0a-a1e5-7fee377681c9" timestamp="2026-04-28T03:25:36.936Z" tests="2" failures="0" errors="0" time="0.321">
    <testcase name="Status code is 400 for non-numeric limit" time="0.321" classname="DummyJsonApiDemo"/>
    <testcase name="Response time is less than 2s" time="0.321" classname="DummyJsonApiDemo"/>
  </testsuite>
  <testsuite name="Negative Tests / GET User Not Found" id="6c8ba968-e932-43a4-974c-f0bf972ca267" timestamp="2026-04-28T03:25:36.936Z" tests="2" failures="0" errors="0" time="0.289">
    <testcase name="Status code is 404 for non-existent user" time="0.289" classname="DummyJsonApiDemo"/>
    <testcase name="Response time is less than 2s" time="0.289" classname="DummyJsonApiDemo"/>
  </testsuite>
</testsuites>